==================================================================
  DAILY TRADING BRIEF — Monday, May 04 2026
  Started: 08:00:05  |  Log → logs/run_2026-05-04.log
==================================================================

[1/3]  Refreshing market data…
  ✓  Done in 5.1s — 2008 new price row(s) added

[2/3]  Scoring watchlist  (Buy Signal = Score × 0.4 + ML Conf × 0.6)…

  [SKIP] SQ: only 0 rows — need 200+ for SMA-200
  Ticker  Buy Signal     Score   ML Conf      Close    RSI
  ───────────────────────────────────────────────────────────────
  RBLX          59.4    20/100     85.7%     $45.13   26.9
  RIOT          57.9    40/100     69.9%     $18.50   59.4
  INTC          53.7    40/100     62.9%     $99.62   87.5
  T             52.9    60/100     48.2%     $26.12   45.3
  SOFI          50.1    40/100     56.9%     $16.43   41.8
  MARA          49.9    20/100     69.9%     $11.46   59.4
  SNAP          49.8    20/100     69.6%      $6.29   66.2
  AMD           49.5    40/100     55.8%    $360.54   79.8
  COIN          48.3    20/100     67.2%    $191.25   50.8
  PLTR          48.0    20/100     66.6%    $144.07   50.6
  KEY           45.2    40/100     48.6%     $21.87   58.1
  WFC           44.6    20/100     61.0%     $80.81   48.0
  DKNG          44.4    20/100     60.7%     $23.00   48.3
  BAC           44.1    20/100     60.2%     $53.24   59.8
  PYPL          43.9    20/100     59.8%     $50.44   59.2
  GM            43.4    40/100     45.7%     $75.77   44.7
  HOOD          43.3    20/100     58.8%     $73.66   43.5
  UBER          41.3    20/100     55.5%     $75.12   52.3
  F             40.1    20/100     53.5%     $11.88   40.4
  ───────────────────────────────────────────────────────────────

[3/3]  Running momentum screener across 101 small/mid-cap tickers…
  Downloading 226 tickers (period=3mo) …
  Usable data for 59 / 226 tickers.

  → 2 candidate(s) found:

  #    Ticker     Price    RSI    5d Chg   Avg Vol (20d)
  ────────────────────────────────────────────────────
  1    AGIO      $28.16   46.0   +11.22%       1,355,335
  2    IQ         $1.22   43.4    +4.27%      10,270,035

==================================================================
  ★  SUMMARY
──────────────────────────────────────────────────────────────────
  Watchlist — 19 stock(s) with Buy Signal ≥ 40:
    →  RBLX   Buy Signal 59.4  |  Score 20/100  ML 86%
    →  RIOT   Buy Signal 57.9  |  Score 40/100  ML 70%
    →  INTC   Buy Signal 53.7  |  Score 40/100  ML 63%
    →  T      Buy Signal 52.9  |  Score 60/100  ML 48%
    →  SOFI   Buy Signal 50.1  |  Score 40/100  ML 57%
    →  MARA   Buy Signal 49.9  |  Score 20/100  ML 70%
    →  SNAP   Buy Signal 49.8  |  Score 20/100  ML 70%
    →  AMD    Buy Signal 49.5  |  Score 40/100  ML 56%
    →  COIN   Buy Signal 48.3  |  Score 20/100  ML 67%
    →  PLTR   Buy Signal 48.0  |  Score 20/100  ML 67%
    →  KEY    Buy Signal 45.2  |  Score 40/100  ML 49%
    →  WFC    Buy Signal 44.6  |  Score 20/100  ML 61%
    →  DKNG   Buy Signal 44.4  |  Score 20/100  ML 61%
    →  BAC    Buy Signal 44.1  |  Score 20/100  ML 60%
    →  PYPL   Buy Signal 43.9  |  Score 20/100  ML 60%
    →  GM     Buy Signal 43.4  |  Score 40/100  ML 46%
    →  HOOD   Buy Signal 43.3  |  Score 20/100  ML 59%
    →  UBER   Buy Signal 41.3  |  Score 20/100  ML 56%
    →  F      Buy Signal 40.1  |  Score 20/100  ML 54%

  Screener — 2 small/mid-cap candidate(s):  AGIO  IQ

  Completed in 9.0s
==================================================================
==================================================================
  DAILY TRADING BRIEF — Tuesday, May 05 2026
  Started: 08:00:05  |  Log → logs/run_2026-05-05.log
==================================================================

[1/3]  Refreshing market data…
  ✗  FAILED (exit 1)
     HTTP Error 503: upstream connect error or disconnect/reset before headers. reset reason: connection termination
     Traceback (most recent call last):
       File "/Users/kast3000/Desktop/trading-bot/data/market_data.py", line 108, in <module>
         main()
         ~~~~^^
       File "/Users/kast3000/Desktop/trading-bot/data/market_data.py", line 98, in main
         fetch_and_save(ticker, conn)
         ~~~~~~~~~~~~~~^^^^^^^^^^^^^^
       File "/Users/kast3000/Desktop/trading-bot/data/market_data.py", line 53, in fetch_and_save
         df = yf.Ticker(ticker).history(period=PERIOD)
       File "/Library/Frameworks/Python.framework/Versions/3.14/lib/python3.14/site-packages/yfinance/utils.py", line 95, in wrapper
         result = func(*args, **kwargs)
       File "/Library/Frameworks/Python.framework/Versions/3.14/lib/python3.14/site-packages/yfinance/base.py", line 129, in history
         return self._lazy_load_price_history().history(*args, **kwargs)
                ~~~~~~~~~~~~~~~~~~~~~~~~~~~~~^^
       File "/Library/Frameworks/Python.framework/Versions/3.14/lib/python3.14/site-packages/yfinance/base.py", line 135, in _lazy_load_price_history
         self._price_history = PriceHistory(self._data, self.ticker, self._get_ticker_tz(timeout=10))
                                                                     ~~~~~~~~~~~~~~~~~~~^^^^^^^^^^^^
       File "/Library/Frameworks/Python.framework/Versions/3.14/lib/python3.14/site-packages/yfinance/base.py", line 160, in _get_ticker_tz
         if k in self.info:
                 ^^^^^^^^^
       File "/Library/Frameworks/Python.framework/Versions/3.14/lib/python3.14/site-packages/yfinance/ticker.py", line 159, in info
         return self.get_info()
                ~~~~~~~~~~~~~^^
       File "/Library/Frameworks/Python.framework/Versions/3.14/lib/python3.14/site-packages/yfinance/base.py", line 282, in get_info
         data = self._quote.info
                ^^^^^^^^^^^^^^^^
       File "/Library/Frameworks/Python.framework/Versions/3.14/lib/python3.14/site-packages/yfinance/scrapers/quote.py", line 505, in info
         self._fetch_info()
         ~~~~~~~~~~~~~~~~^^
       File "/Library/Frameworks/Python.framework/Versions/3.14/lib/python3.14/site-packages/yfinance/scrapers/quote.py", line 629, in _fetch_info
         if quote in result and len(result[quote]["result"]) > 0:
            ^^^^^^^^^^^^^^^
     TypeError: argument of type 'NoneType' is not a container or iterable

  Aborting — market data refresh failed.
==================================================================
  DAILY TRADING BRIEF — Wednesday, May 06 2026
  Started: 08:00:03  |  Log → logs/run_2026-05-06.log
==================================================================

[1/3]  Refreshing market data…
  ✓  Done in 7.8s — 28 new price row(s) added

[2/3]  Scoring watchlist  (Buy Signal = Score × 0.4 + ML Conf × 0.6)…

  [SKIP] SQ: only 0 rows — need 200+ for SMA-200
  Ticker  Buy Signal     Score   ML Conf      Close    RSI
  ───────────────────────────────────────────────────────────────
  INTC          65.6    60/100     69.3%    $108.15   84.5
  AMD           65.3    60/100     68.9%    $355.26   72.5
  MARA          58.5    40/100     70.8%     $12.16   64.4
  RBLX          58.5    20/100     84.2%     $44.04   29.2
  RIOT          53.4    40/100     62.4%     $20.35   66.1
  HOOD          52.5    40/100     60.9%     $77.03   48.2
  SNAP          50.5    20/100     70.9%      $6.11   61.3
  UBER          49.2    40/100     55.3%     $72.95   44.7
  COIN          48.1    20/100     66.9%    $197.75   53.7
  PYPL          48.0    40/100     53.3%     $46.49   41.7
  PLTR          47.8    40/100     53.0%    $135.91   42.9
  DKNG          43.9    20/100     59.8%     $24.17   57.4
  GM            43.4    40/100     45.6%     $76.15   46.4
  SOFI          40.4    20/100     54.0%     $16.02   39.5
  T             39.8    40/100     39.7%     $25.90   43.0
  BAC           39.4    20/100     52.4%     $53.12   57.1
  WFC           38.4    20/100     50.6%     $79.89   45.6
  KEY           36.9    40/100     34.8%     $21.87   57.3
  F             36.2    20/100     47.0%     $11.69   39.2
  ───────────────────────────────────────────────────────────────

[3/3]  Running momentum screener across 101 small/mid-cap tickers…
  Downloading 226 tickers (period=3mo) …
  Usable data for 59 / 226 tickers.

  → 1 candidate(s) found:

  #    Ticker     Price    RSI    5d Chg   Avg Vol (20d)
  ────────────────────────────────────────────────────
  1    LCID       $6.25   34.7    +6.47%      22,601,525

==================================================================
  ★  SUMMARY
──────────────────────────────────────────────────────────────────
  Watchlist — 14 stock(s) with Buy Signal ≥ 40:
    →  INTC   Buy Signal 65.6  |  Score 60/100  ML 69%
    →  AMD    Buy Signal 65.3  |  Score 60/100  ML 69%
    →  MARA   Buy Signal 58.5  |  Score 40/100  ML 71%
    →  RBLX   Buy Signal 58.5  |  Score 20/100  ML 84%
    →  RIOT   Buy Signal 53.4  |  Score 40/100  ML 62%
    →  HOOD   Buy Signal 52.5  |  Score 40/100  ML 61%
    →  SNAP   Buy Signal 50.5  |  Score 20/100  ML 71%
    →  UBER   Buy Signal 49.2  |  Score 40/100  ML 55%
    →  COIN   Buy Signal 48.1  |  Score 20/100  ML 67%
    →  PYPL   Buy Signal 48.0  |  Score 40/100  ML 53%
    →  PLTR   Buy Signal 47.8  |  Score 40/100  ML 53%
    →  DKNG   Buy Signal 43.9  |  Score 20/100  ML 60%
    →  GM     Buy Signal 43.4  |  Score 40/100  ML 46%
    →  SOFI   Buy Signal 40.4  |  Score 20/100  ML 54%

  Screener — 1 small/mid-cap candidate(s):  LCID

  Completed in 15.4s
==================================================================
==================================================================
  DAILY TRADING BRIEF — Thursday, May 07 2026
  Started: 08:08:22  |  Log → logs/run_2026-05-07.log
==================================================================

[1/3]  Refreshing market data…
  ✓  Done in 5.9s — 19 new price row(s) added

[2/3]  Scoring watchlist  (Buy Signal = Score × 0.4 + ML Conf × 0.6)…

  [SKIP] SQ: only 0 rows — need 200+ for SMA-200
  Ticker  Buy Signal     Score   ML Conf      Close    RSI
  ───────────────────────────────────────────────────────────────
  AMD           65.7    60/100     69.5%    $421.39   81.2
  UBER          61.0    60/100     61.7%     $79.17   62.3
  RIOT          60.8    60/100     61.4%     $23.70   74.5
  SNAP          58.2    40/100     70.3%      $6.11   61.3
  INTC          53.5    40/100     62.5%    $113.01   85.9
  DKNG          52.8    40/100     61.3%     $23.92   55.1
  PYPL          51.2    40/100     58.6%     $46.27   40.9
  F             47.1    40/100     51.8%     $12.17   49.4
  MARA          46.3    20/100     63.9%     $13.03   69.6
  HOOD          45.9    20/100     63.1%     $79.05   51.0
  T             45.9    40/100     49.9%     $25.57   39.8
  WFC           45.5    20/100     62.5%     $80.42   47.6
  COIN          45.4    20/100     62.4%    $197.96   53.9
  GM            44.0    40/100     46.7%     $78.70   55.4
  RBLX          43.4     0/100     72.4%     $43.76   29.0
  PLTR          41.8    20/100     56.4%    $133.79   41.2
  SOFI          41.7    20/100     56.2%     $16.30   41.9
  BAC           40.5    20/100     54.2%     $53.60   59.8
  KEY           38.4    40/100     37.3%     $22.23   61.9
  ───────────────────────────────────────────────────────────────

[3/3]  Running momentum screener across 101 small/mid-cap tickers…
  Downloading 226 tickers (period=3mo) …
  Usable data for 52 / 226 tickers.

  → 5 candidate(s) found:

  #    Ticker     Price    RSI    5d Chg   Avg Vol (20d)
  ────────────────────────────────────────────────────
  1    CDE       $18.75   49.2    +8.19%      17,712,050
  2    IQ         $1.23   45.7    +6.03%      10,468,570
  3    VALE      $16.49   49.6    +4.04%      26,163,550
  4    GENI       $4.40   46.1    +3.53%       4,705,270
  5    KGC       $30.78   47.4    +3.08%       7,669,655

==================================================================
  ★  SUMMARY
──────────────────────────────────────────────────────────────────
  Watchlist — 18 stock(s) with Buy Signal ≥ 40:
    →  AMD    Buy Signal 65.7  |  Score 60/100  ML 70%
    →  UBER   Buy Signal 61.0  |  Score 60/100  ML 62%
    →  RIOT   Buy Signal 60.8  |  Score 60/100  ML 61%
    →  SNAP   Buy Signal 58.2  |  Score 40/100  ML 70%
    →  INTC   Buy Signal 53.5  |  Score 40/100  ML 62%
    →  DKNG   Buy Signal 52.8  |  Score 40/100  ML 61%
    →  PYPL   Buy Signal 51.2  |  Score 40/100  ML 59%
    →  F      Buy Signal 47.1  |  Score 40/100  ML 52%
    →  MARA   Buy Signal 46.3  |  Score 20/100  ML 64%
    →  HOOD   Buy Signal 45.9  |  Score 20/100  ML 63%
    →  T      Buy Signal 45.9  |  Score 40/100  ML 50%
    →  WFC    Buy Signal 45.5  |  Score 20/100  ML 62%
    →  COIN   Buy Signal 45.4  |  Score 20/100  ML 62%
    →  GM     Buy Signal 44.0  |  Score 40/100  ML 47%
    →  RBLX   Buy Signal 43.4  |  Score 0/100  ML 72%
    →  PLTR   Buy Signal 41.8  |  Score 20/100  ML 56%
    →  SOFI   Buy Signal 41.7  |  Score 20/100  ML 56%
    →  BAC    Buy Signal 40.5  |  Score 20/100  ML 54%

  Screener — 5 small/mid-cap candidate(s):  CDE  IQ  VALE  GENI  KGC

  Completed in 11.2s
==================================================================
