==================================================================
  DAILY TRADING BRIEF — Monday, May 18 2026
  Started: 08:00:03  |  Log → logs/run_2026-05-18.log
==================================================================

[1/3]  Refreshing market data…
  ✓  Done in 8.0s — 38 new price row(s) added

[2/3]  Scoring watchlist  (Buy Signal = Score × 0.4 + ML Conf × 0.6)…

  [SKIP] SQ: only 0 rows — need 200+ for SMA-200
  Ticker  Buy Signal     Score   ML Conf      Close    RSI
  ───────────────────────────────────────────────────────────────
  COIN          63.2    60/100     65.4%    $195.43   49.3
  RIOT          61.4    40/100     75.6%     $23.49   64.6
  AMD           59.2    40/100     72.0%    $424.10   67.3
  KEY           59.2    80/100     45.3%     $21.04   44.6
  INTC          59.0    40/100     71.7%    $108.77   62.3
  RBLX          57.1    20/100     81.9%     $42.85   33.6
  SNAP          56.6    40/100     67.6%      $5.53   47.0
  GM            53.6    60/100     49.4%     $74.86   43.8
  MARA          53.4    20/100     75.7%     $12.44   56.6
  F             53.0    40/100     61.6%     $13.40   59.0
  HOOD          52.7    40/100     61.1%     $77.14   48.4
  T             51.4    40/100     59.0%     $24.03   29.5
  DKNG          48.4    20/100     67.3%     $25.00   58.6
  SOFI          45.9    20/100     63.1%     $15.61   41.1
  UBER          41.8    20/100     56.3%     $75.09   50.2
  PLTR          40.4    20/100     54.0%    $133.99   43.5
  WFC           40.3    20/100     53.9%     $73.42   33.6
  BAC           40.1    40/100     40.2%     $49.77   37.7
  PYPL          38.4    20/100     50.7%     $44.41   35.0
  ───────────────────────────────────────────────────────────────

[3/3]  Running momentum screener across 101 small/mid-cap tickers…
  Downloading 226 tickers (period=3mo) …
  Usable data for 53 / 226 tickers.

  → 1 candidate(s) found:

  #    Ticker     Price    RSI    5d Chg   Avg Vol (20d)
  ────────────────────────────────────────────────────
  1    NIO        $6.10   49.2    +4.27%      30,147,025

==================================================================
  ★  SUMMARY
──────────────────────────────────────────────────────────────────
  Watchlist — 18 stock(s) with Buy Signal ≥ 40:
    →  COIN   Buy Signal 63.2  |  Score 60/100  ML 65%
    →  RIOT   Buy Signal 61.4  |  Score 40/100  ML 76%
    →  AMD    Buy Signal 59.2  |  Score 40/100  ML 72%
    →  KEY    Buy Signal 59.2  |  Score 80/100  ML 45%
    →  INTC   Buy Signal 59.0  |  Score 40/100  ML 72%
    →  RBLX   Buy Signal 57.1  |  Score 20/100  ML 82%
    →  SNAP   Buy Signal 56.6  |  Score 40/100  ML 68%
    →  GM     Buy Signal 53.6  |  Score 60/100  ML 49%
    →  MARA   Buy Signal 53.4  |  Score 20/100  ML 76%
    →  F      Buy Signal 53.0  |  Score 40/100  ML 62%
    →  HOOD   Buy Signal 52.7  |  Score 40/100  ML 61%
    →  T      Buy Signal 51.4  |  Score 40/100  ML 59%
    →  DKNG   Buy Signal 48.4  |  Score 20/100  ML 67%
    →  SOFI   Buy Signal 45.9  |  Score 20/100  ML 63%
    →  UBER   Buy Signal 41.8  |  Score 20/100  ML 56%
    →  PLTR   Buy Signal 40.4  |  Score 20/100  ML 54%
    →  WFC    Buy Signal 40.3  |  Score 20/100  ML 54%
    →  BAC    Buy Signal 40.1  |  Score 40/100  ML 40%

  Screener — 1 small/mid-cap candidate(s):  NIO

  Completed in 15.1s
==================================================================
