==================================================================
  DAILY TRADING BRIEF — Thursday, May 07 2026
  Started: 08:08:22  |  Log → logs/run_2026-05-07.log
==================================================================

[1/3]  Refreshing market data…
  ✓  Done in 5.9s — 19 new price row(s) added

[2/3]  Scoring watchlist  (Buy Signal = Score × 0.4 + ML Conf × 0.6)…

  [SKIP] SQ: only 0 rows — need 200+ for SMA-200
  Ticker  Buy Signal     Score   ML Conf      Close    RSI
  ───────────────────────────────────────────────────────────────
  AMD           65.7    60/100     69.5%    $421.39   81.2
  UBER          61.0    60/100     61.7%     $79.17   62.3
  RIOT          60.8    60/100     61.4%     $23.70   74.5
  SNAP          58.2    40/100     70.3%      $6.11   61.3
  INTC          53.5    40/100     62.5%    $113.01   85.9
  DKNG          52.8    40/100     61.3%     $23.92   55.1
  PYPL          51.2    40/100     58.6%     $46.27   40.9
  F             47.1    40/100     51.8%     $12.17   49.4
  MARA          46.3    20/100     63.9%     $13.03   69.6
  HOOD          45.9    20/100     63.1%     $79.05   51.0
  T             45.9    40/100     49.9%     $25.57   39.8
  WFC           45.5    20/100     62.5%     $80.42   47.6
  COIN          45.4    20/100     62.4%    $197.96   53.9
  GM            44.0    40/100     46.7%     $78.70   55.4
  RBLX          43.4     0/100     72.4%     $43.76   29.0
  PLTR          41.8    20/100     56.4%    $133.79   41.2
  SOFI          41.7    20/100     56.2%     $16.30   41.9
  BAC           40.5    20/100     54.2%     $53.60   59.8
  KEY           38.4    40/100     37.3%     $22.23   61.9
  ───────────────────────────────────────────────────────────────

[3/3]  Running momentum screener across 101 small/mid-cap tickers…
  Downloading 226 tickers (period=3mo) …
  Usable data for 52 / 226 tickers.

  → 5 candidate(s) found:

  #    Ticker     Price    RSI    5d Chg   Avg Vol (20d)
  ────────────────────────────────────────────────────
  1    CDE       $18.75   49.2    +8.19%      17,712,050
  2    IQ         $1.23   45.7    +6.03%      10,468,570
  3    VALE      $16.49   49.6    +4.04%      26,163,550
  4    GENI       $4.40   46.1    +3.53%       4,705,270
  5    KGC       $30.78   47.4    +3.08%       7,669,655

==================================================================
  ★  SUMMARY
──────────────────────────────────────────────────────────────────
  Watchlist — 18 stock(s) with Buy Signal ≥ 40:
    →  AMD    Buy Signal 65.7  |  Score 60/100  ML 70%
    →  UBER   Buy Signal 61.0  |  Score 60/100  ML 62%
    →  RIOT   Buy Signal 60.8  |  Score 60/100  ML 61%
    →  SNAP   Buy Signal 58.2  |  Score 40/100  ML 70%
    →  INTC   Buy Signal 53.5  |  Score 40/100  ML 62%
    →  DKNG   Buy Signal 52.8  |  Score 40/100  ML 61%
    →  PYPL   Buy Signal 51.2  |  Score 40/100  ML 59%
    →  F      Buy Signal 47.1  |  Score 40/100  ML 52%
    →  MARA   Buy Signal 46.3  |  Score 20/100  ML 64%
    →  HOOD   Buy Signal 45.9  |  Score 20/100  ML 63%
    →  T      Buy Signal 45.9  |  Score 40/100  ML 50%
    →  WFC    Buy Signal 45.5  |  Score 20/100  ML 62%
    →  COIN   Buy Signal 45.4  |  Score 20/100  ML 62%
    →  GM     Buy Signal 44.0  |  Score 40/100  ML 47%
    →  RBLX   Buy Signal 43.4  |  Score 0/100  ML 72%
    →  PLTR   Buy Signal 41.8  |  Score 20/100  ML 56%
    →  SOFI   Buy Signal 41.7  |  Score 20/100  ML 56%
    →  BAC    Buy Signal 40.5  |  Score 20/100  ML 54%

  Screener — 5 small/mid-cap candidate(s):  CDE  IQ  VALE  GENI  KGC

  Completed in 11.2s
==================================================================
