==================================================================
  DAILY TRADING BRIEF — Tuesday, May 12 2026
  Started: 08:00:00  |  Log → logs/run_2026-05-12.log
==================================================================

[1/3]  Refreshing market data…
  ✓  Done in 7.8s — 57 new price row(s) added

[2/3]  Scoring watchlist  (Buy Signal = Score × 0.4 + ML Conf × 0.6)…

  [SKIP] SQ: only 0 rows — need 200+ for SMA-200
  Ticker  Buy Signal     Score   ML Conf      Close    RSI
  ───────────────────────────────────────────────────────────────
  RIOT          59.3    40/100     72.1%     $25.34   77.6
  AMD           58.8    40/100     71.3%    $458.79   81.1
  INTC          57.3    40/100     68.8%    $129.44   86.1
  COIN          53.3    40/100     62.2%    $216.60   62.6
  KEY           52.6    60/100     47.7%     $21.31   47.0
  WFC           50.8    40/100     58.0%     $73.58   30.5
  SNAP          50.8    20/100     71.3%      $5.75   51.0
  MARA          50.2    20/100     70.4%     $13.39   69.7
  BAC           49.4    40/100     55.7%     $50.55   40.9
  HOOD          47.4    20/100     65.6%     $80.78   53.6
  T             46.8    40/100     51.4%     $24.87   33.7
  DKNG          46.5    20/100     64.1%     $24.51   56.0
  GM            45.5    40/100     49.2%     $75.29   43.6
  UBER          44.5    20/100     60.9%     $76.15   53.2
  RBLX          43.9     0/100     73.2%     $41.31   27.7
  PYPL          43.3    40/100     45.5%     $45.07   36.8
  F             42.9    20/100     58.1%     $12.05   47.1
  SOFI          42.2    20/100     57.0%     $16.26   43.3
  PLTR          37.2    20/100     48.6%    $136.89   44.8
  ───────────────────────────────────────────────────────────────

[3/3]  Running momentum screener across 101 small/mid-cap tickers…
  Downloading 226 tickers (period=3mo) …
  Usable data for 53 / 226 tickers.

  → 0 candidates passed all four filters today.

==================================================================
  ★  SUMMARY
──────────────────────────────────────────────────────────────────
  Watchlist — 18 stock(s) with Buy Signal ≥ 40:
    →  RIOT   Buy Signal 59.3  |  Score 40/100  ML 72%
    →  AMD    Buy Signal 58.8  |  Score 40/100  ML 71%
    →  INTC   Buy Signal 57.3  |  Score 40/100  ML 69%
    →  COIN   Buy Signal 53.3  |  Score 40/100  ML 62%
    →  KEY    Buy Signal 52.6  |  Score 60/100  ML 48%
    →  WFC    Buy Signal 50.8  |  Score 40/100  ML 58%
    →  SNAP   Buy Signal 50.8  |  Score 20/100  ML 71%
    →  MARA   Buy Signal 50.2  |  Score 20/100  ML 70%
    →  BAC    Buy Signal 49.4  |  Score 40/100  ML 56%
    →  HOOD   Buy Signal 47.4  |  Score 20/100  ML 66%
    →  T      Buy Signal 46.8  |  Score 40/100  ML 51%
    →  DKNG   Buy Signal 46.5  |  Score 20/100  ML 64%
    →  GM     Buy Signal 45.5  |  Score 40/100  ML 49%
    →  UBER   Buy Signal 44.5  |  Score 20/100  ML 61%
    →  RBLX   Buy Signal 43.9  |  Score 0/100  ML 73%
    →  PYPL   Buy Signal 43.3  |  Score 40/100  ML 46%
    →  F      Buy Signal 42.9  |  Score 20/100  ML 58%
    →  SOFI   Buy Signal 42.2  |  Score 20/100  ML 57%

  Screener — no momentum candidates today.

  Completed in 13.4s
==================================================================
