==================================================================
  DAILY TRADING BRIEF — Wednesday, May 20 2026
  Started: 08:00:03  |  Log → logs/run_2026-05-20.log
==================================================================

[1/3]  Refreshing market data…
  ✓  Done in 8.6s — 38 new price row(s) added

[2/3]  Scoring watchlist  (Buy Signal = Score × 0.4 + ML Conf × 0.6)…

  [SKIP] SQ: only 0 rows — need 200+ for SMA-200
  Ticker  Buy Signal     Score   ML Conf      Close    RSI
  ───────────────────────────────────────────────────────────────
  RBLX          66.5    40/100     84.1%     $44.45   40.1
  RIOT          61.4    40/100     75.7%     $22.65   59.7
  AMD           60.3    40/100     73.8%    $414.05   63.8
  INTC          56.7    40/100     67.8%    $110.80   63.3
  SNAP          56.1    40/100     66.8%      $5.55   47.6
  COIN          54.8    40/100     64.7%    $193.45   48.6
  BAC           53.6    60/100     49.3%     $50.70   44.8
  MARA          51.8    20/100     73.0%     $12.44   56.2
  F             50.8    20/100     71.4%     $13.06   55.2
  DKNG          48.8    20/100     68.0%     $25.54   61.1
  SOFI          48.3    20/100     67.2%     $15.23   38.9
  KEY           47.7    60/100     39.5%     $20.92   42.9
  GM            44.6    40/100     47.6%     $72.63   38.6
  T             43.6    40/100     46.0%     $24.98   43.0
  UBER          42.3    20/100     57.1%     $74.09   46.9
  HOOD          42.2    20/100     57.0%     $74.16   44.3
  PLTR          42.0    20/100     56.7%    $135.26   45.2
  WFC           40.8    20/100     54.6%     $74.55   38.2
  PYPL          39.3    20/100     52.2%     $43.83   32.7
  ───────────────────────────────────────────────────────────────

[3/3]  Running momentum screener across 101 small/mid-cap tickers…
  Downloading 226 tickers (period=3mo) …
  Usable data for 46 / 226 tickers.

  → 0 candidates passed all four filters today.

==================================================================
  ★  SUMMARY
──────────────────────────────────────────────────────────────────
  Watchlist — 18 stock(s) with Buy Signal ≥ 40:
    →  RBLX   Buy Signal 66.5  |  Score 40/100  ML 84%
    →  RIOT   Buy Signal 61.4  |  Score 40/100  ML 76%
    →  AMD    Buy Signal 60.3  |  Score 40/100  ML 74%
    →  INTC   Buy Signal 56.7  |  Score 40/100  ML 68%
    →  SNAP   Buy Signal 56.1  |  Score 40/100  ML 67%
    →  COIN   Buy Signal 54.8  |  Score 40/100  ML 65%
    →  BAC    Buy Signal 53.6  |  Score 60/100  ML 49%
    →  MARA   Buy Signal 51.8  |  Score 20/100  ML 73%
    →  F      Buy Signal 50.8  |  Score 20/100  ML 71%
    →  DKNG   Buy Signal 48.8  |  Score 20/100  ML 68%
    →  SOFI   Buy Signal 48.3  |  Score 20/100  ML 67%
    →  KEY    Buy Signal 47.7  |  Score 60/100  ML 40%
    →  GM     Buy Signal 44.6  |  Score 40/100  ML 48%
    →  T      Buy Signal 43.6  |  Score 40/100  ML 46%
    →  UBER   Buy Signal 42.3  |  Score 20/100  ML 57%
    →  HOOD   Buy Signal 42.2  |  Score 20/100  ML 57%
    →  PLTR   Buy Signal 42.0  |  Score 20/100  ML 57%
    →  WFC    Buy Signal 40.8  |  Score 20/100  ML 55%

  Screener — no momentum candidates today.

  Completed in 16.3s
==================================================================
