==================================================================
  DAILY TRADING BRIEF — Friday, May 01 2026
  Started: 17:37:04  |  Log → logs/run_2026-05-01.log
==================================================================

[1/3]  Refreshing market data…
  ✓  Done in 2.7s — 135 new price row(s) added

[2/3]  Scoring watchlist  (Buy Signal = Score × 0.4 + ML Conf × 0.6)…

  Ticker  Buy Signal     Score   ML Conf      Close    RSI
  ───────────────────────────────────────────────────────────────
  META          52.1    40/100     60.1%    $608.74   40.7
  AMD           49.5    40/100     55.8%    $360.54   79.8
  NVDA          49.1    40/100     55.1%    $198.45   53.0
  AAPL          48.9    60/100     41.5%    $280.14   66.4
  TSLA          48.0    20/100     66.6%    $390.82   56.1
  GOOGL         47.7    40/100     52.9%    $385.69   82.5
  AMZN          44.0    20/100     60.0%    $268.26   78.1
  SHOP          43.9    20/100     59.8%    $127.67   55.0
  V             42.6    20/100     57.6%    $328.03   63.9
  UNH           42.1    20/100     56.8%    $368.78   82.9
  JPM           41.4    20/100     55.6%    $312.47   58.4
  MSFT          40.5    20/100     54.2%    $414.44   54.5
  CRM           37.3     0/100     62.1%    $183.82   51.3
  QQQ           27.1    40/100     18.5%    $674.15   74.9
  SPY           26.2    40/100     17.0%    $720.65   71.7
  ───────────────────────────────────────────────────────────────

[3/3]  Running momentum screener across 101 small/mid-cap tickers…
  Downloading 101 tickers (period=3mo) …
  Usable data for 86 / 101 tickers.

  → 2 candidate(s) found:

  #    Ticker     Price    RSI    5d Chg   Avg Vol (20d)
  ────────────────────────────────────────────────────
  1    LCID       $6.54   36.4    +4.64%      21,768,067
  2    IQ         $1.22   43.4    +4.27%      10,231,987

==================================================================
  ★  SUMMARY
──────────────────────────────────────────────────────────────────
  Watchlist — 12 stock(s) with Buy Signal ≥ 40:
    →  META   Buy Signal 52.1  |  Score 40/100  ML 60%
    →  AMD    Buy Signal 49.5  |  Score 40/100  ML 56%
    →  NVDA   Buy Signal 49.1  |  Score 40/100  ML 55%
    →  AAPL   Buy Signal 48.9  |  Score 60/100  ML 42%
    →  TSLA   Buy Signal 48.0  |  Score 20/100  ML 67%
    →  GOOGL  Buy Signal 47.7  |  Score 40/100  ML 53%
    →  AMZN   Buy Signal 44.0  |  Score 20/100  ML 60%
    →  SHOP   Buy Signal 43.9  |  Score 20/100  ML 60%
    →  V      Buy Signal 42.6  |  Score 20/100  ML 58%
    →  UNH    Buy Signal 42.1  |  Score 20/100  ML 57%
    →  JPM    Buy Signal 41.4  |  Score 20/100  ML 56%
    →  MSFT   Buy Signal 40.5  |  Score 20/100  ML 54%

  Screener — 2 small/mid-cap candidate(s):  LCID  IQ

  Completed in 7.5s
==================================================================
