==================================================================
  DAILY TRADING BRIEF — Wednesday, May 06 2026
  Started: 08:00:03  |  Log → logs/run_2026-05-06.log
==================================================================

[1/3]  Refreshing market data…
  ✓  Done in 7.8s — 28 new price row(s) added

[2/3]  Scoring watchlist  (Buy Signal = Score × 0.4 + ML Conf × 0.6)…

  [SKIP] SQ: only 0 rows — need 200+ for SMA-200
  Ticker  Buy Signal     Score   ML Conf      Close    RSI
  ───────────────────────────────────────────────────────────────
  INTC          65.6    60/100     69.3%    $108.15   84.5
  AMD           65.3    60/100     68.9%    $355.26   72.5
  MARA          58.5    40/100     70.8%     $12.16   64.4
  RBLX          58.5    20/100     84.2%     $44.04   29.2
  RIOT          53.4    40/100     62.4%     $20.35   66.1
  HOOD          52.5    40/100     60.9%     $77.03   48.2
  SNAP          50.5    20/100     70.9%      $6.11   61.3
  UBER          49.2    40/100     55.3%     $72.95   44.7
  COIN          48.1    20/100     66.9%    $197.75   53.7
  PYPL          48.0    40/100     53.3%     $46.49   41.7
  PLTR          47.8    40/100     53.0%    $135.91   42.9
  DKNG          43.9    20/100     59.8%     $24.17   57.4
  GM            43.4    40/100     45.6%     $76.15   46.4
  SOFI          40.4    20/100     54.0%     $16.02   39.5
  T             39.8    40/100     39.7%     $25.90   43.0
  BAC           39.4    20/100     52.4%     $53.12   57.1
  WFC           38.4    20/100     50.6%     $79.89   45.6
  KEY           36.9    40/100     34.8%     $21.87   57.3
  F             36.2    20/100     47.0%     $11.69   39.2
  ───────────────────────────────────────────────────────────────

[3/3]  Running momentum screener across 101 small/mid-cap tickers…
  Downloading 226 tickers (period=3mo) …
  Usable data for 59 / 226 tickers.

  → 1 candidate(s) found:

  #    Ticker     Price    RSI    5d Chg   Avg Vol (20d)
  ────────────────────────────────────────────────────
  1    LCID       $6.25   34.7    +6.47%      22,601,525

==================================================================
  ★  SUMMARY
──────────────────────────────────────────────────────────────────
  Watchlist — 14 stock(s) with Buy Signal ≥ 40:
    →  INTC   Buy Signal 65.6  |  Score 60/100  ML 69%
    →  AMD    Buy Signal 65.3  |  Score 60/100  ML 69%
    →  MARA   Buy Signal 58.5  |  Score 40/100  ML 71%
    →  RBLX   Buy Signal 58.5  |  Score 20/100  ML 84%
    →  RIOT   Buy Signal 53.4  |  Score 40/100  ML 62%
    →  HOOD   Buy Signal 52.5  |  Score 40/100  ML 61%
    →  SNAP   Buy Signal 50.5  |  Score 20/100  ML 71%
    →  UBER   Buy Signal 49.2  |  Score 40/100  ML 55%
    →  COIN   Buy Signal 48.1  |  Score 20/100  ML 67%
    →  PYPL   Buy Signal 48.0  |  Score 40/100  ML 53%
    →  PLTR   Buy Signal 47.8  |  Score 40/100  ML 53%
    →  DKNG   Buy Signal 43.9  |  Score 20/100  ML 60%
    →  GM     Buy Signal 43.4  |  Score 40/100  ML 46%
    →  SOFI   Buy Signal 40.4  |  Score 20/100  ML 54%

  Screener — 1 small/mid-cap candidate(s):  LCID

  Completed in 15.4s
==================================================================
